Test S+pow0l.w0+dataa.h2l.w0 Allowed
States 3
1:X4=0x0; [x]=0x10001;
1:X4=0x0; [x]=0x20002;
1:X4=0x1; [x]=0x10001;
No
Witnesses
Positive: 0 Negative: 3
Condition exists ([x]=0x20002 /\ 1:X4=0x1)
Observation S+pow0l.w0+dataa.h2l.w0 Never 0 3
Hash=9ab36330d0c396e0f23a6a6ccab45ef8

