Test S+pow0l.w0+dataa.h2h0 Allowed
States 3
1:X4=0x0; [x]=0x20001;
1:X4=0x0; [x]=0x20002;
1:X4=0x1; [x]=0x20001;
No
Witnesses
Positive: 0 Negative: 3
Condition exists ([x]=0x20002 /\ 1:X4=0x1)
Observation S+pow0l.w0+dataa.h2h0 Never 0 3
Hash=48aa765fa1ac3bcb832cf7ed10f889f0

