Test S+pow0l.w0+dataa.h0h2 Allowed
States 3
1:X4=0x0; [x]=0x10002;
1:X4=0x0; [x]=0x20002;
1:X4=0x1; [x]=0x10002;
No
Witnesses
Positive: 0 Negative: 3
Condition exists ([x]=0x20002 /\ 1:X4=0x1)
Observation S+pow0l.w0+dataa.h0h2 Never 0 3
Hash=84fea082945713e3a72d17cabe093df0

