Test V28 Required
States 1
0:V2.4S={2,0,0,0};
Ok
Witnesses
Positive: 1 Negative: 0
Flag Scalable-Vector-Extensions-is-work-in-progress
Condition forall (0:V2.4S={2,0,0,0})
Observation V28 Always 1 0
Hash=b9acf152c7bad27dd72291dbcd60e586

