Test MP+dmb.stpt+LDRnoret-dmb.ldpp Allowed
States 2
1:X0=0; Fault(P1:L0,y:red,TagCheck);
1:X0=1;  ~Fault(P1:L0,y);
No
Witnesses
Positive: 0 Negative: 2
Condition exists (not (fault(P1:L0,y)) /\ 1:X0=0)
Observation MP+dmb.stpt+LDRnoret-dmb.ldpp Never 0 2
Hash=d44dceb7810802a96e50c4617016b737

