Test Y012 Required
States 1
0:SP=x:t15;
Ok
Witnesses
Positive: 1 Negative: 0
Condition forall (0:SP=x:t15)
Observation Y012 Always 1 0
Hash=65b2631776ae487f3d1cff92c9dd066f

