Test A04 Required
States 1
 Fault(P0,pacda(x, 0x0, 0),MMU:Translation);
Ok
Witnesses
Positive: 1 Negative: 0
Condition forall (fault(P0,MMU:Translation))
Observation A04 Always 1 0
Hash=889fcb9c83865acded62c17df51f4415

