Test A03 Allowed
States 1
0:X0=0;
Ok
Witnesses
Positive: 1 Negative: 0
Condition exists (0:X0=0)
Observation A03 Always 1 0
Hash=2091a15266c6e14759d4dddcd55b94d6

