Test A200 Required
States 1
0:X3=0; 0:X4=0; 0:X5=1; 0:X6=1;
Ok
Witnesses
Positive: 1 Negative: 0
Condition forall (0:X3=0 /\ 0:X4=0 /\ 0:X5=1 /\ 0:X6=1)
Observation A200 Always 1 0
Hash=9945de536fe1529c136b70b07555a3d0

