Test A213 Required
States 1
0:X3=0; 0:X4=1; 0:X5=1; 0:X6=0;
Ok
Witnesses
Positive: 1 Negative: 0
Condition forall (0:X3=0 /\ 0:X4=1 /\ 0:X5=1 /\ 0:X6=0)
Observation A213 Always 1 0
Hash=072968b91d2e260c66dc1061be0d0e8c

