Test A214 Required
States 1
0:X3=1; 0:X4=0; 0:X5=0; 0:X6=0;
Ok
Witnesses
Positive: 1 Negative: 0
Condition forall (0:X3=1 /\ 0:X4=0 /\ 0:X5=0 /\ 0:X6=0)
Observation A214 Always 1 0
Hash=e63e7ea307ce9942e16422e9a890e82b

