Test A69 Allowed
States 1
0:X0=4138;
Ok
Witnesses
Positive: 1 Negative: 0
Condition exists (0:X0=4138)
Observation A69 Always 1 0
Hash=2f51de3dcd647233f77732b51012a4ec

