Test func3 Required
States 1
0:main.0.a=3; 0:main.0.b=3; 0:main.0.c=7; 0:setter-f3.0.f3_internal=12; 0:setter-f4.0.f4_internal=15;
Ok
Witnesses
Positive: 1 Negative: 0
Condition forall (0:main.0.a=3 /\ 0:main.0.b=3 /\ 0:main.0.c=7 /\ 0:setter-f3.0.f3_internal=12 /\ 0:setter-f4.0.f4_internal=15)
Observation func3 Always 1 0
Hash=50da29c641338694570a3f3fd84b1d83

