Test S+poq0l.q0+addra.w4l.q0 Allowed
States 3
1:X4=0x0; [x]=0x1000100010001;
1:X4=0x0; [x]=0x2000200020002;
1:X4=0x10001; [x]=0x1000100010001;
No
Witnesses
Positive: 0 Negative: 3
Condition exists ([x]=0x2000200020002 /\ 1:X4=0x10001)
Observation S+poq0l.q0+addra.w4l.q0 Never 0 3
Hash=abe7775db067a965db0aa3a2b3ff892e

