Test S+poq0l.q0+addra.q0l.q0 Allowed
States 3
1:X4=0x0; [x]=0x1000100010001;
1:X4=0x0; [x]=0x2000200020002;
1:X4=0x1000100010001; [x]=0x1000100010001;
No
Witnesses
Positive: 0 Negative: 3
Condition exists ([x]=0x2000200020002 /\ 1:X4=0x1000100010001)
Observation S+poq0l.q0+addra.q0l.q0 Never 0 3
Hash=d8ff4b19e42618345b04eb6dcb6e11b5

