Test LB-pseudo-arch Allowed
States 3
0:T0.0.x0=0; 0:T1.0.x1=0;
0:T0.0.x0=0; 0:T1.0.x1=1;
0:T0.0.x0=1; 0:T1.0.x1=0;
No
Witnesses
Positive: 0 Negative: 3
Condition exists (0:T0.0.x0=1 /\ 0:T1.0.x1=1)
Observation LB-pseudo-arch Never 0 3
Hash=d5c470ab099f6cf334821d6710a3e00f

