Test A012 Allowed
States 3
[x]=0; Fault(P0:L0,x:red,TagCheck);
[x]=0; Fault(P0:L0,x:red,MMU:Permission);
[x]=1;  ~Fault(P0:L0,x);
Ok
Witnesses
Positive: 1 Negative: 2
Flag combining-vmsa-and-memtag-is-not-supported
Condition exists ([x]=1 /\ not (fault(P0:L0,x)))
Observation A012 Sometimes 1 2
Hash=9592a0d1b0a4d3eb48961b300a635e90

