Test A018 Allowed
States 4
0:R2=0; 1:R0=0;
0:R2=0; 1:R0=1;
0:R2=1; 1:R0=0;
0:R2=1; 1:R0=1;
Loop Ok
Witnesses
Positive: 3 Negative: 9
Flag Assuming-common-inner-shareable-domain
Condition exists (0:R2=0 /\ 1:R0=0)
Observation A018 Sometimes 3 9
Hash=3d5fb7cad4c9bc287ca8875afd5d42ec

