Test S07 Required
States 1
0:X0=1; 0:X1=1;
Ok
Witnesses
Positive: 1 Negative: 0
Condition forall (0:X0=1 /\ 0:X1=1)
Observation S07 Always 1 0
Hash=a4121ff3b0515da6b9b8e9aae2074400

