Test A67 Allowed
States 1
0:X0=43;
Ok
Witnesses
Positive: 1 Negative: 0
Condition exists (0:X0=43)
Observation A67 Always 1 0
Hash=2da12aedee65fffa2c410381fd99590e

