Test RR+RR+amo.ldsetw0w0-pow0w0+rmwh0h0-rfih0w0-amo.staddw0w0-rfiw0h2-amo.ldseth2h2-poh2w0 Allowed
States 14
0:X1=0x7200720; 0:X3=0x7200720; 1:X1=0x720; 1:X5=0x0; 1:X7=0x820; 1:X10=0x7200720; [y]=0x9e00821;
0:X1=0x7200720; 0:X3=0x7200720; 1:X1=0x720; 1:X5=0x0; 1:X7=0x820; 1:X10=0xf600f60; [y]=0x9e00821;
0:X1=0x7200720; 0:X3=0x7200720; 1:X1=0x720; 1:X5=0x1; 1:X7=0x820; 1:X10=0x7200720; [y]=0x9e00820;
0:X1=0x7200720; 0:X3=0x7200720; 1:X1=0x720; 1:X5=0x1; 1:X7=0x820; 1:X10=0xf600f60; [y]=0x9e00820;
0:X1=0x7200720; 0:X3=0x7200721; 1:X1=0x720; 1:X5=0x0; 1:X7=0x820; 1:X10=0x7200720; [y]=0x9e00821;
0:X1=0x7200720; 0:X3=0x7200721; 1:X1=0x720; 1:X5=0x0; 1:X7=0x820; 1:X10=0xf600f60; [y]=0x9e00821;
0:X1=0x7200720; 0:X3=0x8200820; 1:X1=0x720; 1:X5=0x1; 1:X7=0x820; 1:X10=0x7200720; [y]=0x9e00820;
0:X1=0x7200720; 0:X3=0x8200820; 1:X1=0x720; 1:X5=0x1; 1:X7=0x820; 1:X10=0xf600f60; [y]=0x9e00820;
0:X1=0x7200720; 0:X3=0x8200821; 1:X1=0x720; 1:X5=0x0; 1:X7=0x820; 1:X10=0x7200720; [y]=0x9e00821;
0:X1=0x7200720; 0:X3=0x8200821; 1:X1=0x720; 1:X5=0x0; 1:X7=0x820; 1:X10=0xf600f60; [y]=0x9e00821;
0:X1=0x7200720; 0:X3=0x9e00820; 1:X1=0x720; 1:X5=0x1; 1:X7=0x820; 1:X10=0x7200720; [y]=0x9e00820;
0:X1=0x7200720; 0:X3=0x9e00820; 1:X1=0x720; 1:X5=0x1; 1:X7=0x820; 1:X10=0xf600f60; [y]=0x9e00820;
0:X1=0x7200720; 0:X3=0x9e00821; 1:X1=0x720; 1:X5=0x0; 1:X7=0x820; 1:X10=0x7200720; [y]=0x9e00821;
0:X1=0x7200720; 0:X3=0x9e00821; 1:X1=0x720; 1:X5=0x0; 1:X7=0x820; 1:X10=0xf600f60; [y]=0x9e00821;
Ok
Witnesses
Positive: 1 Negative: 13
Condition exists ([y]=0x9e00821 /\ 0:X1=0x7200720 /\ 0:X3=0x7200720 /\ 1:X5=0x0 /\ 1:X1=0x720 /\ 1:X7=0x820 /\ 1:X10=0x7200720)
Observation RR+RR+amo.ldsetw0w0-pow0w0+rmwh0h0-rfih0w0-amo.staddw0w0-rfiw0h2-amo.ldseth2h2-poh2w0 Sometimes 1 13
Hash=c380b7d2f6c8cc8f66998b6be85ebbad

